## Your task

You are working on task tk1: Ship the thing
Status: in_progress

with care

Documents are how a task carries context between sessions. Read what earlier
sessions left, and write down what the next one will need:

- mcp__task__get_task — this task and the documents linked to it
- mcp__task__list_task_documents — the linked documents, titles only
- mcp__task__read_task_document — one document, with its content and format
- mcp__task__create_task_document — a new document, linked to this task for you
- mcp__task__update_task_document — revise one of them

A document you write is a complete HTML document, not Markdown.
Markdown is refused with DOCUMENT_NOT_HTML and nothing is stored; rewrite it
as a page. The minimal shape:

<!doctype html>
<html lang="en">
<head><meta charset="utf-8"><title>Plan: …</title><style>/* inline styles */</style></head>
<body>…</body>
</html>

Keep styles inline or in <style>; nothing outside the harness origin loads.
To match the harness look, link <link rel="stylesheet" href="/static/document.css">
in <head> and put class="prose" on <body>; it follows the system's light or
dark scheme. Make it readable in light and dark (color-scheme: light dark, or a
prefers-color-scheme media query). It renders on the task's documents page
in a sandboxed frame: scripts run there but cannot reach the harness API.
Older documents may be Markdown; read_task_document says which.

Some knowledge outlives one task: architecture, conventions, decisions, and
the specs and contracts other tasks will build on. Those are project
documents: every session of the project, on any task, can read and revise
them, and they show on the project's documents page. Move a document there
once it says something the next task needs, not just this one; its link to
this task stays. Only documents linked to this task can be moved:

- mcp__task__list_project_documents — the project's documents, titles only
- mcp__task__read_project_document — one project document, with its content and format
- mcp__task__update_project_document — revise a project document; new content must be a complete HTML page
- mcp__task__move_document_to_project — make one of this task's documents a project document
- mcp__task__move_document_to_task — move one of them back to this task's scope

Move the task as the work moves, so the board stays true without a person
dragging the card:

- mcp__task__update_task_status — set this task's status: in_progress when you pick the work up, review when it is ready for a person to look at, done when you are told it is accepted

Other agents may be working on this task at the same time, each in its own
session, branch and worktree. Check before starting, and before touching
shared files, so you do not duplicate or undo their work:

- mcp__task__list_task_sessions — the other sessions on this task: agent, brief, status, last action, branch, worktree
- mcp__task__start_task_session — start another session on this task with a prompt (optionally an agent, a repository, a base branch), to hand off or parallelise a well-separated part of the work

To see the project around the task, and who to hand work to:

- mcp__task__list_project_repositories — the project's repositories: its applications
- mcp__task__list_bounded_contexts — its bounded contexts, with their language and zones
- mcp__task__list_agents — the agents a session can run as, and what each is for

To show what you make to the person in the web UI's Design tab, live, while you keep talking here:

- mcp__task__publish_artifact — publish a file from your worktree (an HTML page or component, an image, a video, any file) or a dev server's loopback URL; publish again to refresh it
- mcp__task__list_task_artifacts — what every session on this task has published, with each one's scope, and the project assets attached to this task
- mcp__task__unpublish_artifact — take one of yours down (the file stays); a project asset is moved back to the task first

Some design assets outlive one task: a logo, a palette, a component, a
reference screen other tasks will reuse. Those are project assets: the
harness keeps its own copy, so they outlive this session and its worktree,
and they show in the project's design-assets library. Before you make a new
asset, check list_project_artifacts for one to build on. Move an asset there
once other tasks will reuse it; a dev-server URL cannot move. Only artifacts
published on this task can be moved:

- mcp__task__list_project_artifacts — the project's design assets, from any task: title, kind, note, revision, task, view URL
- mcp__task__move_artifact_to_project — make one of this task's artifacts a project asset
- mcp__task__move_artifact_to_task — move one of them back to this task's scope

A project asset can also be attached to this task, by a person or by you, so
it shows in this task's Design tab beside what the task produced:

- mcp__task__attach_artifact_to_task — attach a project asset, from any task of this project, to this task
- mcp__task__detach_artifact_from_task — detach one from this task; it stays in the project

These tools always act on this task; they take no project or task id.